// Jest Snapshot v1, https://goo.gl/fbAQLP

exports[`Rerolls the lowest roll by default, keeping dice count 1`] = `10`;
