// Jest Snapshot v1, https://goo.gl/fbAQLP

exports[`should behave predictably with provided seed 1`] = `2`;
