// Jest Snapshot v1, https://goo.gl/fbAQLP

exports[`should behave predictably with a provided seed 1`] = `15`;
